AF
af
AX
fi
AL
al
DZ
ag
AS
aq
AD
an
AO
ao
AI
av
AQ
ay
AG
ac
AR
ar
AM
am
AW
aa
AU
as
AT
au
AZ
aj
BS
bf
BH
ba
BD
bg
BB
bb
BY
bo
BE
be
BZ
bh
BJ
bn
BM
bd
BT
bt
BO
bl
BQ
nl
BA
bk
BW
bc
BV
bv
BR
br
IO
io
BN
bx
BG
bu
BF
uv
BI
by
KH
cb
CM
cm
CA
ca
CV
cv
KY
cj
CF
ct
TD
cd
CL
ci
CN
ch
CX
kt
CC
ck
CO
co
KM
cn
CG
cg
CD
cf
CK
cw
CR
cs
CI
iv
HR
hr
CU
cu
CW
cc
CY
cy
CZ
ez
DK
da
DJ
dj
DM
do
DO
dr
EC
ec
EG
eg
SV
es
GQ
ek
ER
er
EE
en
ET
et
FK
fk
FO
fo
FJ
fj
FI
fi
FR
fr
GF
fr
PF
fp
TF
fs
GA
gb
GM
ga
GE
gg
DE
gm
GH
gh
GI
gi
GR
gr
GL
gl
GD
gj
GP
fr
GU
gq
GT
gt
GG
gk
GN
gv
GW
pu
GY
gy
HT
ha
HM
hm
VA
vt
HN
ho
HK
hk
HU
hu
IS
ic
IN
in
ID
id
IR
ir
IQ
iz
IE
ei
IM
im
IL
is
IT
it
JM
jm
JP
ja
JE
je
JO
jo
KZ
kz
KE
ke
KI
kr
KP
kn
KR
ks
KW
ku
KG
kg
LA
la
LV
lg
LB
le
LS
lt
LR
li
LY
ly
LI
ls
LT
lh
LU
lu
MO
mc
MK
mk
MG
ma
MW
mi
MY
my
MV
mv
ML
ml
MT
mt
MH
rm
MQ
fr
MR
mr
MU
mp
YT
fr
MX
mx
FM
fm
MD
md
MC
mn
MN
mg
ME
mj
MS
mh
MA
mo
MZ
mz
MM
bm
NA
wa
NR
nr
NP
np
NL
nl
NC
nc
NZ
nz
NI
nu
NE
ng
NG
ni
NU
ne
NF
nf
MP
cq
NO
no
OM
mu
PK
pk
PW
ps
PS
gz
we
PA
pm
PG
pp
PY
pa
PE
pe
PH
rp
PN
pc
PL
pl
PT
po
PR
rq
QA
qa
RE
fr
RO
ro
RU
rs
RW
rw
BL
tb
SH
sh
KN
sc
LC
st
MF
rn
PM
sb
VC
vc
WS
ws
SM
sm
ST
tp
SA
sa
SN
sg
RS
ri
SC
se
SL
sl
SG
sn
SX
sk
SK
lo
SI
si
SB
bp
SO
so
ZA
sf
GS
sx
SS
od
ES
sp
LK
ce
SD
su
SR
ns
SJ
sv
jn
SZ
wz
SE
sw
CH
sz
SY
sy
TW
tw
TJ
ti
TZ
tz
TH
th
TL
tt
TG
to
TK
tl
TO
tn
TT
td
TN
ts
TR
tu
TM
tx
TC
tk
TV
tv
UG
ug
UA
up
AE
ae
GB
uk
US
us
UM
um
UY
uy
UZ
uz
VU
nh
VE
ve
VN
vm
VG
vi
VI
vq
WF
wf
EH
wi
YE
ym
ZM
za
ZW
zi
